// Jest Snapshot v1, https://jestjs.io/docs/snapshot-testing

exports[`geog.graphql 1`] = `
{
  "data": {
    "allGisDebugs": null,
  },
}
`;

exports[`geog_geometry.graphql 1`] = `
{
  "data": {
    "allGisDebugs": null,
  },
}
`;

exports[`geog_geometrym.graphql 1`] = `
{
  "data": {
    "allGisDebugs": null,
  },
}
`;

exports[`geog_geometryz.graphql 1`] = `
{
  "data": {
    "allGisDebugs": null,
  },
}
`;

exports[`geog_geometryzm.graphql 1`] = `
{
  "data": {
    "allGisDebugs": null,
  },
}
`;

exports[`geog_linestring.graphql 1`] = `
{
  "data": {
    "allGisDebugs": null,
  },
}
`;

exports[`geog_linestringm.graphql 1`] = `
{
  "data": {
    "allGisDebugs": null,
  },
}
`;

exports[`geog_linestringz.graphql 1`] = `
{
  "data": {
    "allGisDebugs": null,
  },
}
`;

exports[`geog_linestringzm.graphql 1`] = `
{
  "data": {
    "allGisDebugs": null,
  },
}
`;

exports[`geog_multilinestring.graphql 1`] = `
{
  "data": {
    "allGisDebugs": null,
  },
}
`;

exports[`geog_multilinestringm.graphql 1`] = `
{
  "data": {
    "allGisDebugs": null,
  },
}
`;

exports[`geog_multilinestringz.graphql 1`] = `
{
  "data": {
    "allGisDebugs": null,
  },
}
`;

exports[`geog_multilinestringzm.graphql 1`] = `
{
  "data": {
    "allGisDebugs": null,
  },
}
`;

exports[`geog_multipoint.graphql 1`] = `
{
  "data": {
    "allGisDebugs": null,
  },
}
`;

exports[`geog_multipointm.graphql 1`] = `
{
  "data": {
    "allGisDebugs": null,
  },
}
`;

exports[`geog_multipointz.graphql 1`] = `
{
  "data": {
    "allGisDebugs": null,
  },
}
`;

exports[`geog_multipointzm.graphql 1`] = `
{
  "data": {
    "allGisDebugs": null,
  },
}
`;

exports[`geog_multipolygon.graphql 1`] = `
{
  "data": {
    "allGisDebugs": null,
  },
}
`;

exports[`geog_multipolygonm.graphql 1`] = `
{
  "data": {
    "allGisDebugs": null,
  },
}
`;

exports[`geog_multipolygonz.graphql 1`] = `
{
  "data": {
    "allGisDebugs": null,
  },
}
`;

exports[`geog_multipolygonzm.graphql 1`] = `
{
  "data": {
    "allGisDebugs": null,
  },
}
`;

exports[`geog_point.graphql 1`] = `
{
  "data": {
    "allGisDebugs": null,
  },
}
`;

exports[`geog_pointm.graphql 1`] = `
{
  "data": {
    "allGisDebugs": null,
  },
}
`;

exports[`geog_pointz.graphql 1`] = `
{
  "data": {
    "allGisDebugs": null,
  },
}
`;

exports[`geog_pointzm.graphql 1`] = `
{
  "data": {
    "allGisDebugs": null,
  },
}
`;

exports[`geog_polygon.graphql 1`] = `
{
  "data": {
    "allGisDebugs": null,
  },
}
`;

exports[`geog_polygonm.graphql 1`] = `
{
  "data": {
    "allGisDebugs": null,
  },
}
`;

exports[`geog_polygonz.graphql 1`] = `
{
  "data": {
    "allGisDebugs": null,
  },
}
`;

exports[`geog_polygonzm.graphql 1`] = `
{
  "data": {
    "allGisDebugs": null,
  },
}
`;

exports[`geom.graphql 1`] = `
{
  "data": {
    "allGisDebugs": null,
  },
}
`;

exports[`geom_geometry.graphql 1`] = `
{
  "data": {
    "allGisDebugs": null,
  },
}
`;

exports[`geom_geometrym.graphql 1`] = `
{
  "data": {
    "allGisDebugs": null,
  },
}
`;

exports[`geom_geometryz.graphql 1`] = `
{
  "data": {
    "allGisDebugs": null,
  },
}
`;

exports[`geom_geometryzm.graphql 1`] = `
{
  "data": {
    "allGisDebugs": null,
  },
}
`;

exports[`geom_linestring.graphql 1`] = `
{
  "data": {
    "allGisDebugs": null,
  },
}
`;

exports[`geom_linestringm.graphql 1`] = `
{
  "data": {
    "allGisDebugs": null,
  },
}
`;

exports[`geom_linestringz.graphql 1`] = `
{
  "data": {
    "allGisDebugs": null,
  },
}
`;

exports[`geom_linestringzm.graphql 1`] = `
{
  "data": {
    "allGisDebugs": null,
  },
}
`;

exports[`geom_multilinestring.graphql 1`] = `
{
  "data": {
    "allGisDebugs": null,
  },
}
`;

exports[`geom_multilinestringm.graphql 1`] = `
{
  "data": {
    "allGisDebugs": null,
  },
}
`;

exports[`geom_multilinestringz.graphql 1`] = `
{
  "data": {
    "allGisDebugs": null,
  },
}
`;

exports[`geom_multilinestringzm.graphql 1`] = `
{
  "data": {
    "allGisDebugs": null,
  },
}
`;

exports[`geom_multipoint.graphql 1`] = `
{
  "data": {
    "allGisDebugs": null,
  },
}
`;

exports[`geom_multipointm.graphql 1`] = `
{
  "data": {
    "allGisDebugs": null,
  },
}
`;

exports[`geom_multipointz.graphql 1`] = `
{
  "data": {
    "allGisDebugs": null,
  },
}
`;

exports[`geom_multipointzm.graphql 1`] = `
{
  "data": {
    "allGisDebugs": null,
  },
}
`;

exports[`geom_multipolygon.graphql 1`] = `
{
  "data": {
    "allGisDebugs": null,
  },
}
`;

exports[`geom_multipolygonm.graphql 1`] = `
{
  "data": {
    "allGisDebugs": null,
  },
}
`;

exports[`geom_multipolygonz.graphql 1`] = `
{
  "data": {
    "allGisDebugs": null,
  },
}
`;

exports[`geom_multipolygonzm.graphql 1`] = `
{
  "data": {
    "allGisDebugs": null,
  },
}
`;

exports[`geom_point.graphql 1`] = `
{
  "data": {
    "allGisDebugs": null,
  },
}
`;

exports[`geom_pointm.graphql 1`] = `
{
  "data": {
    "allGisDebugs": null,
  },
}
`;

exports[`geom_pointz.graphql 1`] = `
{
  "data": {
    "allGisDebugs": null,
  },
}
`;

exports[`geom_pointzm.graphql 1`] = `
{
  "data": {
    "allGisDebugs": null,
  },
}
`;

exports[`geom_polygon.graphql 1`] = `
{
  "data": {
    "allGisDebugs": null,
  },
}
`;

exports[`geom_polygonm.graphql 1`] = `
{
  "data": {
    "allGisDebugs": null,
  },
}
`;

exports[`geom_polygonz.graphql 1`] = `
{
  "data": {
    "allGisDebugs": null,
  },
}
`;

exports[`geom_polygonzm.graphql 1`] = `
{
  "data": {
    "allGisDebugs": null,
  },
}
`;

exports[`srid.geography.graphql 1`] = `
{
  "data": {
    "allGisDebugs": null,
  },
}
`;

exports[`srid.geometry.graphql 1`] = `
{
  "data": {
    "allGisDebugs": null,
  },
}
`;
